@@ -1,9 +1,99 @@
+INSERT INTO `nagios_acknowledgements` VALUES (1,1,'2012-01-10 12:50:39',86005,1,32,2,'dummyuser','acknowledged',0,0,0);
+INSERT INTO `nagios_commands` VALUES (1,1,1,31,'/usr/local/nagios/libexec/check_f5_system_v10 $ARG1$');
+INSERT INTO `nagios_commenthistory` VALUES (1,1,'2012-11-19 12:57:51',69206,2,4,32,'2011-08-31 08:20:56',26714,'dummyuser','Problem acknowleged via REST API by dummyuser',0,0,0,'1970-01-01 00:00:00','0000-00-00 00:00:00',0);
+INSERT INTO `nagios_comments` VALUES (1,1,'2012-11-19 12:57:51',69206,2,4,32,'2011-08-31 08:20:56',26714,'dummyuser','Problem acknowleged via REST API by dummyuser',0,0,0,'1970-01-01 00:00:00');
+INSERT INTO `nagios_contactgroup_members` VALUES (1,1,1,9);
+INSERT INTO `nagios_contactgroup_members` VALUES (2,1,1,10);
+INSERT INTO `nagios_contactgroup_members` VALUES (3,1,1,11);
+INSERT INTO `nagios_contactgroups` VALUES (1,1,1,8,'hostgroup101_servicegroup93');
+INSERT INTO `nagios_contactnotificationmethods` VALUES (1,1,1,'2012-11-19 13:05:01',66466,'1970-01-01 00:00:00',0,7,'');
+INSERT INTO `nagios_contactnotifications` VALUES (1,1,1,6,'2012-11-19 13:05:01',66464,'1970-01-01 00:00:00',0);
+INSERT INTO `nagios_contacts` VALUES (1,1,1,23,'Dummy User','dummy.user@domain.com','',3,3,1,1,1,1,1,1,1,1,0,1,1,1,1,0);
+INSERT INTO `nagios_contactstatus` VALUES (1,1,33,'2012-01-10 12:50:39',1,1,'1970-01-01 00:00:00','1970-01-01 00:00:00',0,0,0);
 INSERT INTO `nagios_database_version` VALUES ('1.4b2');
+INSERT INTO `nagios_downtimehistory` VALUES (1,1,1,32,'2011-08-31 08:20:56','dummyuser','Host moved to new location',8978,0,1,32767,'2011-08-31 08:20:34','2012-08-30 08:20:34',0,'0000-00-00 00:00:00',0,'0000-00-00 00:00:00',0,0,0);
+INSERT INTO `nagios_host_contactgroups` VALUES (1,1,1,14);
+INSERT INTO `nagios_host_contactgroups` VALUES (2,1,1,15);
+INSERT INTO `nagios_host_contactgroups` VALUES (3,1,1,16);
+INSERT INTO `nagios_host_contactgroups` VALUES (4,1,1,17);
+INSERT INTO `nagios_host_contactgroups` VALUES (5,1,1,18);
+INSERT INTO `nagios_host_contactgroups` VALUES (6,1,1,19);
+INSERT INTO `nagios_host_contactgroups` VALUES (7,1,1,20);
+INSERT INTO `nagios_host_contactgroups` VALUES (8,1,1,21);
+INSERT INTO `nagios_host_parenthosts` VALUES (1,1,1,13);
+INSERT INTO `nagios_hostchecks` VALUES (1,1,30,0,0,1,2,0,1,'2012-11-19 13:07:44',0,'2012-11-19 13:07:45',24931,0,'','',30,0,0,0.28608,0,'OK - ov-build-hardy-32: rta 0.376ms, lost 0%','rta=0.376ms;500.000;1000.000;0; pl=0%;80;100;; rtmax=0.522ms;;;; rtmin=0.324ms;;;;');
+INSERT INTO `nagios_hostgroup_members` VALUES (1,1,1,25);
+INSERT INTO `nagios_hostgroup_members` VALUES (2,1,1,26);
+INSERT INTO `nagios_hostgroup_members` VALUES (3,1,1,27);
+INSERT INTO `nagios_hostgroup_members` VALUES (4,1,1,28);
+INSERT INTO `nagios_hostgroups` VALUES (1,1,1,24,'HG 1');
+INSERT INTO `nagios_hosts` VALUES (1,1,1,12,'host123','host123','www.domain.com',0,'',0,'',3,3,'',0,1,2,0,60,1,1,1,1,0,0,0,0,1,1,1,1,0,0,1,0,0,1,0,1,1,1,1,0,0,'','','/info/host/123','network_cloud.png','SYMBOL - Network Cloud','network_cloud.png','network_cloud.png',0,-1,0,0,0,0,0);
+INSERT INTO `nagios_hoststatus` VALUES (1,1,30,'2012-01-10 12:50:39','CRITICAL - 1.2.3.4 Host unreachable @ 1.2.3.4. rta nan, lost 100%','rta=0.000ms;500.000;1000.000;0; pl=100%;80;100;; rtmax=0.000ms;;;; rtmin=0.000ms;;;;',1,1,1,2,2,'2012-08-14 15:49:57','1970-01-01 00:00:00',1,'2012-06-25 15:40:21','2012-06-25 15:40:21',1,'2012-06-01 02:40:53','2012-08-14 15:49:59','2012-05-16 06:26:55',1,'2012-11-19 12:02:29','2012-11-19 13:02:29',0,1,0,0,743,1,0,0,1,0,0,0.811,0,0,0,1,0,0,'','',0,0,3);
 INSERT INTO `nagios_instances` VALUES (1,'default','');
+INSERT INTO `nagios_notifications` VALUES (1,1,1,0,8771,5,'2012-11-19 13:05:01',66431,'1970-01-01 00:00:00',0,1,'DISK WARNING - free space: /srv/released 14253 MB (9% inode=99%):',0,0);
+INSERT INTO `nagios_objects` VALUES (1,1,2,'ov-build-hardy-32','SSH 1022',0);
+INSERT INTO `nagios_objects` VALUES (2,1,12,'set_to_stale',NULL,0);
+INSERT INTO `nagios_objects` VALUES (3,1,9,'24x7',NULL,0);
+INSERT INTO `nagios_objects` VALUES (4,1,2,'test-unhandled','Unhandled Services by hostgroup: Production Systems',0);
+INSERT INTO `nagios_objects` VALUES (5,1,2,'bob','Unix disk: /srv/released',0);
+INSERT INTO `nagios_objects` VALUES (6,1,10,'admin/02test-snp',NULL,0);
+INSERT INTO `nagios_objects` VALUES (7,1,12,'notify-by-email',NULL,0);
+INSERT INTO `nagios_objects` VALUES (8,1,11,'hostgroup101_servicegroup93',NULL,1);
+INSERT INTO `nagios_objects` VALUES (9,1,10,'test123',NULL,0);
+INSERT INTO `nagios_objects` VALUES (10,1,10,'test1',NULL,0);
+INSERT INTO `nagios_objects` VALUES (11,1,10,'admin',NULL,0);
+INSERT INTO `nagios_objects` VALUES (12,1,1,'host123',NULL,1);
+INSERT INTO `nagios_objects` VALUES (13,1,1,'master.host',NULL,0);
+INSERT INTO `nagios_objects` VALUES (14,1,11,'keyword_84',NULL,0);
+INSERT INTO `nagios_objects` VALUES (15,1,11,'keyword_83',NULL,0);
+INSERT INTO `nagios_objects` VALUES (16,1,11,'keyword_32',NULL,0);
+INSERT INTO `nagios_objects` VALUES (17,1,11,'keyword_31',NULL,0);
+INSERT INTO `nagios_objects` VALUES (18,1,11,'keyword_210',NULL,0);
+INSERT INTO `nagios_objects` VALUES (19,1,11,'keyword_202',NULL,0);
+INSERT INTO `nagios_objects` VALUES (20,1,11,'keyword_196',NULL,0);
+INSERT INTO `nagios_objects` VALUES (21,1,11,'hostgroup139_servicegroup63',NULL,0);
+INSERT INTO `nagios_objects` VALUES (22,1,2,'host123','host123 check',1);
+INSERT INTO `nagios_objects` VALUES (23,1,10,'dummyuser/01email-for-dummyuser',NULL,1);
+INSERT INTO `nagios_objects` VALUES (24,1,3,'HG 1',NULL,1);
+INSERT INTO `nagios_objects` VALUES (25,1,1,'h1.hg1.local',NULL,0);
+INSERT INTO `nagios_objects` VALUES (26,1,1,'h2.hg1.local',NULL,0);
+INSERT INTO `nagios_objects` VALUES (27,1,1,'h3.hg1.local',NULL,0);
+INSERT INTO `nagios_objects` VALUES (28,1,1,'h4.hg1.local',NULL,0);
+INSERT INTO `nagios_objects` VALUES (29,1,9,'workhours',NULL,1);
+INSERT INTO `nagios_objects` VALUES (30,1,1,'ov-build-hardy-32',NULL,0);
+INSERT INTO `nagios_objects` VALUES (31,1,12,'check_f5_system_v10',NULL,1);
+INSERT INTO `nagios_objects` VALUES (32,1,2,'ov-build-hardy-32','Paging File Utilisation',0);
+INSERT INTO `nagios_objects` VALUES (33,1,10,'dummyuser',NULL,0);
+INSERT INTO `nagios_objects` VALUES (34,1,2,'ov-build-hardy-32','Opsview Agent',0);
+INSERT INTO `nagios_processevents` VALUES (1,1,106,'2012-01-10 12:50:37',51069,4776,'Nagios','3.2.3','10-03-2010');
+INSERT INTO `nagios_processevents` VALUES (2,1,102,'2012-01-10 12:50:37',51072,4776,'Nagios','3.2.3','10-03-2010');
+INSERT INTO `nagios_processevents` VALUES (3,1,100,'2012-01-10 12:50:39',26468,4776,'Nagios','3.2.3','10-03-2010');
+INSERT INTO `nagios_programstatus` VALUES (1,1,'2012-11-19 13:05:01','2012-11-19 12:57:51','0000-00-00 00:00:00',0,7273,1,'2012-11-19 13:05:01','1970-01-01 00:00:00',1,1,1,1,1,1,1,0,1,0,0,1,1,'','');
+INSERT INTO `nagios_scheduleddowntime` VALUES (1,1,1,32,'2011-08-31 08:20:56','dummyuser','Host moved to new location',8978,0,1,32767,'2011-08-31 08:20:34','2012-08-30 08:20:34',0,'0000-00-00 00:00:00',0);
 INSERT INTO `nagios_schema_version` VALUES ('2.10','1');
 INSERT INTO `nagios_schema_version` VALUES ('3.0','5');
 INSERT INTO `nagios_schema_version` VALUES ('3.3','4');
 INSERT INTO `nagios_schema_version` VALUES ('3.9','2');
+INSERT INTO `nagios_service_contactgroups` VALUES (1,1,1,19);
+INSERT INTO `nagios_service_contactgroups` VALUES (2,1,1,17);
+INSERT INTO `nagios_service_contactgroups` VALUES (3,1,1,20);
+INSERT INTO `nagios_service_contactgroups` VALUES (4,1,1,15);
+INSERT INTO `nagios_service_contactgroups` VALUES (5,1,1,18);
+INSERT INTO `nagios_service_contactgroups` VALUES (6,1,1,16);
+INSERT INTO `nagios_service_contactgroups` VALUES (7,1,1,14);
+INSERT INTO `nagios_service_contactgroups` VALUES (8,1,1,21);
+INSERT INTO `nagios_servicechecks` VALUES (1,1,1,1,2,2,2,1,'2012-11-19 13:04:59',0,'2012-11-19 13:04:59',0,2,'','',60,0,0,0.38589,2,'No route to host','');
+INSERT INTO `nagios_servicedependencies` VALUES (1,1,1,34,32,2,0,0,0,1,1,1);
+INSERT INTO `nagios_services` VALUES (1,1,1,12,22,'host123 check',2,'',0,'',3,3,'',5,1,3,0,60,1,1,1,1,1,0,0,0,0,0,0,1,1,1,1,1,0,0,1,1,0,1,1,0,1,1,1,0,0,'check host123','/graph?host=$HOSTNAME$&service=$SERVICEDESC$','','graph.png','View graphs');
+INSERT INTO `nagios_servicestatus` VALUES (1,1,1,'2012-11-19 13:05:01','No route to host','',2,1,0,2,2,'2012-11-19 13:04:59','2012-11-05 05:05:47',1,'2012-06-25 15:39:15','2012-06-25 15:39:15',2,'2012-06-25 15:37:05','1970-01-01 00:00:00','2012-06-11 07:43:45','2012-11-19 13:04:59',1,'1970-01-01 00:00:00','1970-01-01 00:00:00',0,1,0,0,0,1,0,1,1,0,0,0.38589,0,0,0,1,0,0,'','set_to_stale',2,1,3);
+INSERT INTO `nagios_servicestatus` VALUES (2,1,4,'2012-11-19 13:05:05','OPSVIEW_SERVICES OK - Total unhandled services 1 (critical=>0, warning=> 0, unknown=> 1 )','unhandled_services=1;5;10',0,1,1,1,3,'2012-11-19 13:05:01','2012-11-19 13:10:01',0,'2012-10-15 16:12:54','2012-10-15 16:12:54',0,'2012-11-19 13:05:01','2012-04-28 14:12:15','1970-01-01 00:00:00','2012-10-15 16:07:54',1,'1970-01-01 00:00:00','1970-01-01 00:00:00',0,1,0,0,0,1,1,1,1,0,0,0.78,2.48909,0,0,1,0,0,'','check_opsview_services!--hostgroup=\'Production Systems\' -w 5 -c 10',5,1,3);
+INSERT INTO `nagios_statehistory` VALUES (1,1,'2012-11-19 13:05:01',66482,5,1,1,1,3,3,1,1,0,NULL,0,0,0,1,'DISK WARNING - free space: /srv/released 14253 MB (9% inode=99%):');
+INSERT INTO `nagios_timeperiod_timeranges` VALUES (1,1,1,1,32400,63000);
+INSERT INTO `nagios_timeperiod_timeranges` VALUES (2,1,1,2,32400,63000);
+INSERT INTO `nagios_timeperiod_timeranges` VALUES (3,1,1,3,32400,63000);
+INSERT INTO `nagios_timeperiod_timeranges` VALUES (4,1,1,4,32400,63000);
+INSERT INTO `nagios_timeperiod_timeranges` VALUES (5,1,1,5,32400,63000);
+INSERT INTO `nagios_timeperiods` VALUES (1,1,1,29,'Working Hours');
 INSERT INTO `opsview_database_version` VALUES ('2.8.6');
 INSERT INTO `schema_version` VALUES ('2.10','2',NULL,NULL,NULL);
 INSERT INTO `schema_version` VALUES ('2.11','2',NULL,NULL,NULL);
